C:\Users\sensu\OneDrive\Documentos\Faculdade\POO2\lembrou\lembrou\src\main\java\com\example\application\views\lembretes\LembretesView.java
C:\Users\sensu\OneDrive\Documentos\Faculdade\POO2\lembrou\lembrou\src\main\java\com\example\application\views\cadastro\CadastroView.java
C:\Users\sensu\OneDrive\Documentos\Faculdade\POO2\lembrou\lembrou\src\main\java\com\example\application\data\Controller\AtividadeController.java
C:\Users\sensu\OneDrive\Documentos\Faculdade\POO2\lembrou\lembrou\src\main\java\com\example\application\data\dao\BaseDAO.java
C:\Users\sensu\OneDrive\Documentos\Faculdade\POO2\lembrou\lembrou\src\main\java\com\example\application\views\MainLayout.java
C:\Users\sensu\OneDrive\Documentos\Faculdade\POO2\lembrou\lembrou\src\main\java\com\example\application\Application.java
C:\Users\sensu\OneDrive\Documentos\Faculdade\POO2\lembrou\lembrou\src\main\java\com\example\application\data\dao\AtividadeDao.java
C:\Users\sensu\OneDrive\Documentos\Faculdade\POO2\lembrou\lembrou\src\main\java\com\example\application\data\entity\Atividades.java
C:\Users\sensu\OneDrive\Documentos\Faculdade\POO2\lembrou\lembrou\src\main\java\com\example\application\data\dao\FabricaDeConexoes.java
